<?xml version="1.0" encoding="UTF-8"?>
<testsuites name="jest tests" tests="9" failures="6" errors="0" time="1.492">
  <testsuite name="DevLoginPage Component" errors="0" failures="6" skipped="2" timestamp="2025-09-23T12:39:38" time="0.85" tests="9">
    <testcase classname="DevLoginPage Component" name="should render development login interface correctly" time="0.073">
    </testcase>
    <testcase classname="DevLoginPage Component" name="should display all mock users with correct roles" time="0.029">
      <failure>TestingLibraryElementError: Unable to find an element with the text: Student. This could be because the text is broken up by multiple elements. In this case, you can provide a function for your text matcher to make your matcher more flexible.

Ignored nodes: comments, script, style
&lt;body&gt;
  &lt;div&gt;
    &lt;div
      class=&quot;min-h-screen bg-gray-50 flex items-center justify-center p-4&quot;
    &gt;
      &lt;div
        class=&quot;w-full max-w-4xl&quot;
      &gt;
        &lt;div
          class=&quot;rounded-lg border bg-card text-card-foreground shadow-sm mb-6&quot;
        &gt;
          &lt;div
            class=&quot;flex flex-col space-y-1.5 p-6 text-center&quot;
          &gt;
            &lt;div
              class=&quot;flex items-center justify-center gap-2 mb-2&quot;
            &gt;
              &lt;svg
                class=&quot;lucide lucide-triangle-alert h-6 w-6 text-orange-500&quot;
                fill=&quot;none&quot;
                height=&quot;24&quot;
                stroke=&quot;currentColor&quot;
                stroke-linecap=&quot;round&quot;
                stroke-linejoin=&quot;round&quot;
                stroke-width=&quot;2&quot;
                viewBox=&quot;0 0 24 24&quot;
                width=&quot;24&quot;
                xmlns=&quot;http://www.w3.org/2000/svg&quot;
              &gt;
                &lt;path
                  d=&quot;m21.73 18-8-14a2 2 0 0 0-3.48 0l-8 14A2 2 0 0 0 4 21h16a2 2 0 0 0 1.73-3&quot;
                /&gt;
                &lt;path
                  d=&quot;M12 9v4&quot;
                /&gt;
                &lt;path
                  d=&quot;M12 17h.01&quot;
                /&gt;
              &lt;/svg&gt;
              &lt;div
                class=&quot;font-semibold tracking-tight text-2xl&quot;
              &gt;
                Development Login
              &lt;/div&gt;
            &lt;/div&gt;
            &lt;div
              class=&quot;text-sm text-muted-foreground&quot;
            &gt;
              Select a user to simulate login in development mode. This page is only available in development.
            &lt;/div&gt;
          &lt;/div&gt;
        &lt;/div&gt;
        &lt;div
          class=&quot;relative w-full rounded-lg border p-4 [&amp;&gt;svg~*]:pl-7 [&amp;&gt;svg+div]:translate-y-[-3px] [&amp;&gt;svg]:absolute [&amp;&gt;svg]:left-4 [&amp;&gt;svg]:top-4 [&amp;&gt;svg]:text-foreground text-foreground mb-6 border-orange-200 bg-orange-50&quot;
          role=&quot;alert&quot;
        &gt;
          &lt;svg
            class=&quot;lucide lucide-triangle-alert h-4 w-4 text-orange-600&quot;
            fill=&quot;none&quot;
            height=&quot;24&quot;
            stroke=&quot;currentColor&quot;
            stroke-linecap=&quot;round&quot;
            stroke-linejoin=&quot;round&quot;
            stroke-width=&quot;2&quot;
            viewBox=&quot;0 0 24 24&quot;
            width=&quot;24&quot;
            xmlns=&quot;http://www.w3.org/2000/svg&quot;
          &gt;
            &lt;path
              d=&quot;m21.73 18-8-14a2 2 0 0 0-3.48 0l-8 14A2 2 0 0 0 4 21h16a2 2 0 0 0 1.73-3&quot;
            /&gt;
            &lt;path
              d=&quot;M12 9v4&quot;
            /&gt;
            &lt;path
              d=&quot;M12 17h.01&quot;
            /&gt;
          &lt;/svg&gt;
          &lt;div
            class=&quot;text-sm [&amp;_p]:leading-relaxed text-orange-800&quot;
          &gt;
            &lt;strong&gt;
              Development Only:
            &lt;/strong&gt;
             This interface allows you to quickly switch between different user roles for testing. Uses real authentication tokens that work with all API endpoints.
          &lt;/div&gt;
        &lt;/div&gt;
        &lt;div
          class=&quot;mb-6 flex gap-2&quot;
        &gt;
          &lt;button
            class=&quot;inline-flex items-center justify-center gap-2 whitespace-nowrap text-sm font-medium ring-offset-background transition-colors focus-visible:outline-none focus-visible:ring-2 focus-visible:ring-ring focus-visible:ring-offset-2 disabled:pointer-events-none disabled:opacity-50 [&amp;_svg]:pointer-events-none [&amp;_svg]:size-4 [&amp;_svg]:shrink-0 bg-secondary text-secondary-foreground hover:bg-secondary/80 h-9 rounded-md px-3&quot;
            disabled=&quot;&quot;
          &gt;
            Loading...
          &lt;/button&gt;
        &lt;/div&gt;
        &lt;div
          class=&quot;flex justify-center items-center py-12&quot;
        &gt;
          &lt;div
            class=&quot;text-center&quot;
          &gt;
            &lt;div
              class=&quot;inline-block animate-spin rounded-full h-8 w-8 border-b-2 border-blue-600 mb-2&quot;
            /&gt;
            &lt;p
              class=&quot;text-gray-600&quot;
            &gt;
              Loading users...
            &lt;/p&gt;
          &lt;/div&gt;
        &lt;/div&gt;
        &lt;div
          class=&quot;rounded-lg border bg-card text-card-foreground shadow-sm mt-6&quot;
        &gt;
          &lt;div
            class=&quot;p-6 pt-6&quot;
          &gt;
            &lt;div
              class=&quot;text-center text-sm text-gray-600&quot;
            &gt;
              &lt;p
                class=&quot;mb-2&quot;
              &gt;
                &lt;strong&gt;
                  Instructions:
                &lt;/strong&gt;
              &lt;/p&gt;
              &lt;ul
                class=&quot;text-left max-w-2xl mx-auto space-y-1&quot;
              &gt;
                &lt;li&gt;
                  • User list is loaded dynamically from the database
                &lt;/li&gt;
                &lt;li&gt;
                  • Click any user card to simulate login as that user
                &lt;/li&gt;
                &lt;li&gt;
                  • Uses real authentication tokens that work with all API endpoints
                &lt;/li&gt;
                &lt;li&gt;
                  • You&apos;ll be automatically redirected to the main page
                &lt;/li&gt;
                &lt;li&gt;
                  • This interface is only available in development mode
                &lt;/li&gt;
                &lt;li&gt;
                  • Use different roles to test various permission levels
                &lt;/li&gt;
                &lt;li&gt;
                  • Click &quot;Refresh Users&quot; to reload the user list from database
                &lt;/li&gt;
                &lt;li&gt;
                  • Test users are automatically created during database initialization
                &lt;/li&gt;
              &lt;/ul&gt;
            &lt;/div&gt;
          &lt;/div&gt;
        &lt;/div&gt;
      &lt;/div&gt;
    &lt;/div&gt;
  &lt;/div&gt;
&lt;/body&gt;
    at Object.getElementError (/home/jotp/scholarship-system/frontend/node_modules/@testing-library/react/node_modules/@testing-library/dom/dist/config.js:37:19)
    at /home/jotp/scholarship-system/frontend/node_modules/@testing-library/react/node_modules/@testing-library/dom/dist/query-helpers.js:76:38
    at /home/jotp/scholarship-system/frontend/node_modules/@testing-library/react/node_modules/@testing-library/dom/dist/query-helpers.js:52:17
    at /home/jotp/scholarship-system/frontend/node_modules/@testing-library/react/node_modules/@testing-library/dom/dist/query-helpers.js:95:19
    at Object.getByText (/home/jotp/scholarship-system/frontend/components/__tests__/dev-login-page.test.tsx:138:19)
    at Promise.then.completed (/home/jotp/scholarship-system/frontend/node_modules/jest-circus/build/utils.js:298:28)
    at new Promise (&lt;anonymous&gt;)
    at callAsyncCircusFn (/home/jotp/scholarship-system/frontend/node_modules/jest-circus/build/utils.js:231:10)
    at _callCircusTest (/home/jotp/scholarship-system/frontend/node_modules/jest-circus/build/run.js:316:40)
    at processTicksAndRejections (node:internal/process/task_queues:105:5)
    at _runTest (/home/jotp/scholarship-system/frontend/node_modules/jest-circus/build/run.js:252:3)
    at _runTestsForDescribeBlock (/home/jotp/scholarship-system/frontend/node_modules/jest-circus/build/run.js:126:9)
    at _runTestsForDescribeBlock (/home/jotp/scholarship-system/frontend/node_modules/jest-circus/build/run.js:121:9)
    at run (/home/jotp/scholarship-system/frontend/node_modules/jest-circus/build/run.js:71:3)
    at runAndTransformResultsToJestFormat (/home/jotp/scholarship-system/frontend/node_modules/jest-circus/build/legacy-code-todo-rewrite/jestAdapterInit.js:122:21)
    at jestAdapter (/home/jotp/scholarship-system/frontend/node_modules/jest-circus/build/legacy-code-todo-rewrite/jestAdapter.js:79:19)
    at runTestInternal (/home/jotp/scholarship-system/frontend/node_modules/jest-runner/build/runTest.js:367:16)
    at runTest (/home/jotp/scholarship-system/frontend/node_modules/jest-runner/build/runTest.js:444:34)
    at Object.worker (/home/jotp/scholarship-system/frontend/node_modules/jest-runner/build/testWorker.js:106:12)</failure>
    </testcase>
    <testcase classname="DevLoginPage Component" name="should handle user login correctly" time="0.019">
      <failure>TestingLibraryElementError: Unable to find an element with the text: 張小明 (Zhang Xiaoming). This could be because the text is broken up by multiple elements. In this case, you can provide a function for your text matcher to make your matcher more flexible.

Ignored nodes: comments, script, style
&lt;body&gt;
  &lt;div&gt;
    &lt;div
      class=&quot;min-h-screen bg-gray-50 flex items-center justify-center p-4&quot;
    &gt;
      &lt;div
        class=&quot;w-full max-w-4xl&quot;
      &gt;
        &lt;div
          class=&quot;rounded-lg border bg-card text-card-foreground shadow-sm mb-6&quot;
        &gt;
          &lt;div
            class=&quot;flex flex-col space-y-1.5 p-6 text-center&quot;
          &gt;
            &lt;div
              class=&quot;flex items-center justify-center gap-2 mb-2&quot;
            &gt;
              &lt;svg
                class=&quot;lucide lucide-triangle-alert h-6 w-6 text-orange-500&quot;
                fill=&quot;none&quot;
                height=&quot;24&quot;
                stroke=&quot;currentColor&quot;
                stroke-linecap=&quot;round&quot;
                stroke-linejoin=&quot;round&quot;
                stroke-width=&quot;2&quot;
                viewBox=&quot;0 0 24 24&quot;
                width=&quot;24&quot;
                xmlns=&quot;http://www.w3.org/2000/svg&quot;
              &gt;
                &lt;path
                  d=&quot;m21.73 18-8-14a2 2 0 0 0-3.48 0l-8 14A2 2 0 0 0 4 21h16a2 2 0 0 0 1.73-3&quot;
                /&gt;
                &lt;path
                  d=&quot;M12 9v4&quot;
                /&gt;
                &lt;path
                  d=&quot;M12 17h.01&quot;
                /&gt;
              &lt;/svg&gt;
              &lt;div
                class=&quot;font-semibold tracking-tight text-2xl&quot;
              &gt;
                Development Login
              &lt;/div&gt;
            &lt;/div&gt;
            &lt;div
              class=&quot;text-sm text-muted-foreground&quot;
            &gt;
              Select a user to simulate login in development mode. This page is only available in development.
            &lt;/div&gt;
          &lt;/div&gt;
        &lt;/div&gt;
        &lt;div
          class=&quot;relative w-full rounded-lg border p-4 [&amp;&gt;svg~*]:pl-7 [&amp;&gt;svg+div]:translate-y-[-3px] [&amp;&gt;svg]:absolute [&amp;&gt;svg]:left-4 [&amp;&gt;svg]:top-4 [&amp;&gt;svg]:text-foreground text-foreground mb-6 border-orange-200 bg-orange-50&quot;
          role=&quot;alert&quot;
        &gt;
          &lt;svg
            class=&quot;lucide lucide-triangle-alert h-4 w-4 text-orange-600&quot;
            fill=&quot;none&quot;
            height=&quot;24&quot;
            stroke=&quot;currentColor&quot;
            stroke-linecap=&quot;round&quot;
            stroke-linejoin=&quot;round&quot;
            stroke-width=&quot;2&quot;
            viewBox=&quot;0 0 24 24&quot;
            width=&quot;24&quot;
            xmlns=&quot;http://www.w3.org/2000/svg&quot;
          &gt;
            &lt;path
              d=&quot;m21.73 18-8-14a2 2 0 0 0-3.48 0l-8 14A2 2 0 0 0 4 21h16a2 2 0 0 0 1.73-3&quot;
            /&gt;
            &lt;path
              d=&quot;M12 9v4&quot;
            /&gt;
            &lt;path
              d=&quot;M12 17h.01&quot;
            /&gt;
          &lt;/svg&gt;
          &lt;div
            class=&quot;text-sm [&amp;_p]:leading-relaxed text-orange-800&quot;
          &gt;
            &lt;strong&gt;
              Development Only:
            &lt;/strong&gt;
             This interface allows you to quickly switch between different user roles for testing. Uses real authentication tokens that work with all API endpoints.
          &lt;/div&gt;
        &lt;/div&gt;
        &lt;div
          class=&quot;mb-6 flex gap-2&quot;
        &gt;
          &lt;button
            class=&quot;inline-flex items-center justify-center gap-2 whitespace-nowrap text-sm font-medium ring-offset-background transition-colors focus-visible:outline-none focus-visible:ring-2 focus-visible:ring-ring focus-visible:ring-offset-2 disabled:pointer-events-none disabled:opacity-50 [&amp;_svg]:pointer-events-none [&amp;_svg]:size-4 [&amp;_svg]:shrink-0 bg-secondary text-secondary-foreground hover:bg-secondary/80 h-9 rounded-md px-3&quot;
            disabled=&quot;&quot;
          &gt;
            Loading...
          &lt;/button&gt;
        &lt;/div&gt;
        &lt;div
          class=&quot;flex justify-center items-center py-12&quot;
        &gt;
          &lt;div
            class=&quot;text-center&quot;
          &gt;
            &lt;div
              class=&quot;inline-block animate-spin rounded-full h-8 w-8 border-b-2 border-blue-600 mb-2&quot;
            /&gt;
            &lt;p
              class=&quot;text-gray-600&quot;
            &gt;
              Loading users...
            &lt;/p&gt;
          &lt;/div&gt;
        &lt;/div&gt;
        &lt;div
          class=&quot;rounded-lg border bg-card text-card-foreground shadow-sm mt-6&quot;
        &gt;
          &lt;div
            class=&quot;p-6 pt-6&quot;
          &gt;
            &lt;div
              class=&quot;text-center text-sm text-gray-600&quot;
            &gt;
              &lt;p
                class=&quot;mb-2&quot;
              &gt;
                &lt;strong&gt;
                  Instructions:
                &lt;/strong&gt;
              &lt;/p&gt;
              &lt;ul
                class=&quot;text-left max-w-2xl mx-auto space-y-1&quot;
              &gt;
                &lt;li&gt;
                  • User list is loaded dynamically from the database
                &lt;/li&gt;
                &lt;li&gt;
                  • Click any user card to simulate login as that user
                &lt;/li&gt;
                &lt;li&gt;
                  • Uses real authentication tokens that work with all API endpoints
                &lt;/li&gt;
                &lt;li&gt;
                  • You&apos;ll be automatically redirected to the main page
                &lt;/li&gt;
                &lt;li&gt;
                  • This interface is only available in development mode
                &lt;/li&gt;
                &lt;li&gt;
                  • Use different roles to test various permission levels
                &lt;/li&gt;
                &lt;li&gt;
                  • Click &quot;Refresh Users&quot; to reload the user list from database
                &lt;/li&gt;
                &lt;li&gt;
                  • Test users are automatically created during database initialization
                &lt;/li&gt;
              &lt;/ul&gt;
            &lt;/div&gt;
          &lt;/div&gt;
        &lt;/div&gt;
      &lt;/div&gt;
    &lt;/div&gt;
  &lt;/div&gt;
&lt;/body&gt;
    at Object.getElementError (/home/jotp/scholarship-system/frontend/node_modules/@testing-library/react/node_modules/@testing-library/dom/dist/config.js:37:19)
    at /home/jotp/scholarship-system/frontend/node_modules/@testing-library/react/node_modules/@testing-library/dom/dist/query-helpers.js:76:38
    at /home/jotp/scholarship-system/frontend/node_modules/@testing-library/react/node_modules/@testing-library/dom/dist/query-helpers.js:52:17
    at /home/jotp/scholarship-system/frontend/node_modules/@testing-library/react/node_modules/@testing-library/dom/dist/query-helpers.js:95:19
    at Object.getByText (/home/jotp/scholarship-system/frontend/components/__tests__/dev-login-page.test.tsx:172:32)
    at Promise.then.completed (/home/jotp/scholarship-system/frontend/node_modules/jest-circus/build/utils.js:298:28)
    at new Promise (&lt;anonymous&gt;)
    at callAsyncCircusFn (/home/jotp/scholarship-system/frontend/node_modules/jest-circus/build/utils.js:231:10)
    at _callCircusTest (/home/jotp/scholarship-system/frontend/node_modules/jest-circus/build/run.js:316:40)
    at processTicksAndRejections (node:internal/process/task_queues:105:5)
    at _runTest (/home/jotp/scholarship-system/frontend/node_modules/jest-circus/build/run.js:252:3)
    at _runTestsForDescribeBlock (/home/jotp/scholarship-system/frontend/node_modules/jest-circus/build/run.js:126:9)
    at _runTestsForDescribeBlock (/home/jotp/scholarship-system/frontend/node_modules/jest-circus/build/run.js:121:9)
    at run (/home/jotp/scholarship-system/frontend/node_modules/jest-circus/build/run.js:71:3)
    at runAndTransformResultsToJestFormat (/home/jotp/scholarship-system/frontend/node_modules/jest-circus/build/legacy-code-todo-rewrite/jestAdapterInit.js:122:21)
    at jestAdapter (/home/jotp/scholarship-system/frontend/node_modules/jest-circus/build/legacy-code-todo-rewrite/jestAdapter.js:79:19)
    at runTestInternal (/home/jotp/scholarship-system/frontend/node_modules/jest-runner/build/runTest.js:367:16)
    at runTest (/home/jotp/scholarship-system/frontend/node_modules/jest-runner/build/runTest.js:444:34)
    at Object.worker (/home/jotp/scholarship-system/frontend/node_modules/jest-runner/build/testWorker.js:106:12)</failure>
    </testcase>
    <testcase classname="DevLoginPage Component" name="should store correct user data in localStorage" time="0.018">
      <failure>TestingLibraryElementError: Unable to find an element with the text: 管理員 (Admin User). This could be because the text is broken up by multiple elements. In this case, you can provide a function for your text matcher to make your matcher more flexible.

Ignored nodes: comments, script, style
&lt;body&gt;
  &lt;div&gt;
    &lt;div
      class=&quot;min-h-screen bg-gray-50 flex items-center justify-center p-4&quot;
    &gt;
      &lt;div
        class=&quot;w-full max-w-4xl&quot;
      &gt;
        &lt;div
          class=&quot;rounded-lg border bg-card text-card-foreground shadow-sm mb-6&quot;
        &gt;
          &lt;div
            class=&quot;flex flex-col space-y-1.5 p-6 text-center&quot;
          &gt;
            &lt;div
              class=&quot;flex items-center justify-center gap-2 mb-2&quot;
            &gt;
              &lt;svg
                class=&quot;lucide lucide-triangle-alert h-6 w-6 text-orange-500&quot;
                fill=&quot;none&quot;
                height=&quot;24&quot;
                stroke=&quot;currentColor&quot;
                stroke-linecap=&quot;round&quot;
                stroke-linejoin=&quot;round&quot;
                stroke-width=&quot;2&quot;
                viewBox=&quot;0 0 24 24&quot;
                width=&quot;24&quot;
                xmlns=&quot;http://www.w3.org/2000/svg&quot;
              &gt;
                &lt;path
                  d=&quot;m21.73 18-8-14a2 2 0 0 0-3.48 0l-8 14A2 2 0 0 0 4 21h16a2 2 0 0 0 1.73-3&quot;
                /&gt;
                &lt;path
                  d=&quot;M12 9v4&quot;
                /&gt;
                &lt;path
                  d=&quot;M12 17h.01&quot;
                /&gt;
              &lt;/svg&gt;
              &lt;div
                class=&quot;font-semibold tracking-tight text-2xl&quot;
              &gt;
                Development Login
              &lt;/div&gt;
            &lt;/div&gt;
            &lt;div
              class=&quot;text-sm text-muted-foreground&quot;
            &gt;
              Select a user to simulate login in development mode. This page is only available in development.
            &lt;/div&gt;
          &lt;/div&gt;
        &lt;/div&gt;
        &lt;div
          class=&quot;relative w-full rounded-lg border p-4 [&amp;&gt;svg~*]:pl-7 [&amp;&gt;svg+div]:translate-y-[-3px] [&amp;&gt;svg]:absolute [&amp;&gt;svg]:left-4 [&amp;&gt;svg]:top-4 [&amp;&gt;svg]:text-foreground text-foreground mb-6 border-orange-200 bg-orange-50&quot;
          role=&quot;alert&quot;
        &gt;
          &lt;svg
            class=&quot;lucide lucide-triangle-alert h-4 w-4 text-orange-600&quot;
            fill=&quot;none&quot;
            height=&quot;24&quot;
            stroke=&quot;currentColor&quot;
            stroke-linecap=&quot;round&quot;
            stroke-linejoin=&quot;round&quot;
            stroke-width=&quot;2&quot;
            viewBox=&quot;0 0 24 24&quot;
            width=&quot;24&quot;
            xmlns=&quot;http://www.w3.org/2000/svg&quot;
          &gt;
            &lt;path
              d=&quot;m21.73 18-8-14a2 2 0 0 0-3.48 0l-8 14A2 2 0 0 0 4 21h16a2 2 0 0 0 1.73-3&quot;
            /&gt;
            &lt;path
              d=&quot;M12 9v4&quot;
            /&gt;
            &lt;path
              d=&quot;M12 17h.01&quot;
            /&gt;
          &lt;/svg&gt;
          &lt;div
            class=&quot;text-sm [&amp;_p]:leading-relaxed text-orange-800&quot;
          &gt;
            &lt;strong&gt;
              Development Only:
            &lt;/strong&gt;
             This interface allows you to quickly switch between different user roles for testing. Uses real authentication tokens that work with all API endpoints.
          &lt;/div&gt;
        &lt;/div&gt;
        &lt;div
          class=&quot;mb-6 flex gap-2&quot;
        &gt;
          &lt;button
            class=&quot;inline-flex items-center justify-center gap-2 whitespace-nowrap text-sm font-medium ring-offset-background transition-colors focus-visible:outline-none focus-visible:ring-2 focus-visible:ring-ring focus-visible:ring-offset-2 disabled:pointer-events-none disabled:opacity-50 [&amp;_svg]:pointer-events-none [&amp;_svg]:size-4 [&amp;_svg]:shrink-0 bg-secondary text-secondary-foreground hover:bg-secondary/80 h-9 rounded-md px-3&quot;
            disabled=&quot;&quot;
          &gt;
            Loading...
          &lt;/button&gt;
        &lt;/div&gt;
        &lt;div
          class=&quot;flex justify-center items-center py-12&quot;
        &gt;
          &lt;div
            class=&quot;text-center&quot;
          &gt;
            &lt;div
              class=&quot;inline-block animate-spin rounded-full h-8 w-8 border-b-2 border-blue-600 mb-2&quot;
            /&gt;
            &lt;p
              class=&quot;text-gray-600&quot;
            &gt;
              Loading users...
            &lt;/p&gt;
          &lt;/div&gt;
        &lt;/div&gt;
        &lt;div
          class=&quot;rounded-lg border bg-card text-card-foreground shadow-sm mt-6&quot;
        &gt;
          &lt;div
            class=&quot;p-6 pt-6&quot;
          &gt;
            &lt;div
              class=&quot;text-center text-sm text-gray-600&quot;
            &gt;
              &lt;p
                class=&quot;mb-2&quot;
              &gt;
                &lt;strong&gt;
                  Instructions:
                &lt;/strong&gt;
              &lt;/p&gt;
              &lt;ul
                class=&quot;text-left max-w-2xl mx-auto space-y-1&quot;
              &gt;
                &lt;li&gt;
                  • User list is loaded dynamically from the database
                &lt;/li&gt;
                &lt;li&gt;
                  • Click any user card to simulate login as that user
                &lt;/li&gt;
                &lt;li&gt;
                  • Uses real authentication tokens that work with all API endpoints
                &lt;/li&gt;
                &lt;li&gt;
                  • You&apos;ll be automatically redirected to the main page
                &lt;/li&gt;
                &lt;li&gt;
                  • This interface is only available in development mode
                &lt;/li&gt;
                &lt;li&gt;
                  • Use different roles to test various permission levels
                &lt;/li&gt;
                &lt;li&gt;
                  • Click &quot;Refresh Users&quot; to reload the user list from database
                &lt;/li&gt;
                &lt;li&gt;
                  • Test users are automatically created during database initialization
                &lt;/li&gt;
              &lt;/ul&gt;
            &lt;/div&gt;
          &lt;/div&gt;
        &lt;/div&gt;
      &lt;/div&gt;
    &lt;/div&gt;
  &lt;/div&gt;
&lt;/body&gt;
    at Object.getElementError (/home/jotp/scholarship-system/frontend/node_modules/@testing-library/react/node_modules/@testing-library/dom/dist/config.js:37:19)
    at /home/jotp/scholarship-system/frontend/node_modules/@testing-library/react/node_modules/@testing-library/dom/dist/query-helpers.js:76:38
    at /home/jotp/scholarship-system/frontend/node_modules/@testing-library/react/node_modules/@testing-library/dom/dist/query-helpers.js:52:17
    at /home/jotp/scholarship-system/frontend/node_modules/@testing-library/react/node_modules/@testing-library/dom/dist/query-helpers.js:95:19
    at Object.getByText (/home/jotp/scholarship-system/frontend/components/__tests__/dev-login-page.test.tsx:195:30)
    at Promise.then.completed (/home/jotp/scholarship-system/frontend/node_modules/jest-circus/build/utils.js:298:28)
    at new Promise (&lt;anonymous&gt;)
    at callAsyncCircusFn (/home/jotp/scholarship-system/frontend/node_modules/jest-circus/build/utils.js:231:10)
    at _callCircusTest (/home/jotp/scholarship-system/frontend/node_modules/jest-circus/build/run.js:316:40)
    at processTicksAndRejections (node:internal/process/task_queues:105:5)
    at _runTest (/home/jotp/scholarship-system/frontend/node_modules/jest-circus/build/run.js:252:3)
    at _runTestsForDescribeBlock (/home/jotp/scholarship-system/frontend/node_modules/jest-circus/build/run.js:126:9)
    at _runTestsForDescribeBlock (/home/jotp/scholarship-system/frontend/node_modules/jest-circus/build/run.js:121:9)
    at run (/home/jotp/scholarship-system/frontend/node_modules/jest-circus/build/run.js:71:3)
    at runAndTransformResultsToJestFormat (/home/jotp/scholarship-system/frontend/node_modules/jest-circus/build/legacy-code-todo-rewrite/jestAdapterInit.js:122:21)
    at jestAdapter (/home/jotp/scholarship-system/frontend/node_modules/jest-circus/build/legacy-code-todo-rewrite/jestAdapter.js:79:19)
    at runTestInternal (/home/jotp/scholarship-system/frontend/node_modules/jest-runner/build/runTest.js:367:16)
    at runTest (/home/jotp/scholarship-system/frontend/node_modules/jest-runner/build/runTest.js:444:34)
    at Object.worker (/home/jotp/scholarship-system/frontend/node_modules/jest-runner/build/testWorker.js:106:12)</failure>
    </testcase>
    <testcase classname="DevLoginPage Component" name="should display instructions clearly" time="0.026">
      <failure>TestingLibraryElementError: Unable to find an element with the text: /User data will be stored in localStorage/. This could be because the text is broken up by multiple elements. In this case, you can provide a function for your text matcher to make your matcher more flexible.

Ignored nodes: comments, script, style
&lt;body&gt;
  &lt;div&gt;
    &lt;div
      class=&quot;min-h-screen bg-gray-50 flex items-center justify-center p-4&quot;
    &gt;
      &lt;div
        class=&quot;w-full max-w-4xl&quot;
      &gt;
        &lt;div
          class=&quot;rounded-lg border bg-card text-card-foreground shadow-sm mb-6&quot;
        &gt;
          &lt;div
            class=&quot;flex flex-col space-y-1.5 p-6 text-center&quot;
          &gt;
            &lt;div
              class=&quot;flex items-center justify-center gap-2 mb-2&quot;
            &gt;
              &lt;svg
                class=&quot;lucide lucide-triangle-alert h-6 w-6 text-orange-500&quot;
                fill=&quot;none&quot;
                height=&quot;24&quot;
                stroke=&quot;currentColor&quot;
                stroke-linecap=&quot;round&quot;
                stroke-linejoin=&quot;round&quot;
                stroke-width=&quot;2&quot;
                viewBox=&quot;0 0 24 24&quot;
                width=&quot;24&quot;
                xmlns=&quot;http://www.w3.org/2000/svg&quot;
              &gt;
                &lt;path
                  d=&quot;m21.73 18-8-14a2 2 0 0 0-3.48 0l-8 14A2 2 0 0 0 4 21h16a2 2 0 0 0 1.73-3&quot;
                /&gt;
                &lt;path
                  d=&quot;M12 9v4&quot;
                /&gt;
                &lt;path
                  d=&quot;M12 17h.01&quot;
                /&gt;
              &lt;/svg&gt;
              &lt;div
                class=&quot;font-semibold tracking-tight text-2xl&quot;
              &gt;
                Development Login
              &lt;/div&gt;
            &lt;/div&gt;
            &lt;div
              class=&quot;text-sm text-muted-foreground&quot;
            &gt;
              Select a user to simulate login in development mode. This page is only available in development.
            &lt;/div&gt;
          &lt;/div&gt;
        &lt;/div&gt;
        &lt;div
          class=&quot;relative w-full rounded-lg border p-4 [&amp;&gt;svg~*]:pl-7 [&amp;&gt;svg+div]:translate-y-[-3px] [&amp;&gt;svg]:absolute [&amp;&gt;svg]:left-4 [&amp;&gt;svg]:top-4 [&amp;&gt;svg]:text-foreground text-foreground mb-6 border-orange-200 bg-orange-50&quot;
          role=&quot;alert&quot;
        &gt;
          &lt;svg
            class=&quot;lucide lucide-triangle-alert h-4 w-4 text-orange-600&quot;
            fill=&quot;none&quot;
            height=&quot;24&quot;
            stroke=&quot;currentColor&quot;
            stroke-linecap=&quot;round&quot;
            stroke-linejoin=&quot;round&quot;
            stroke-width=&quot;2&quot;
            viewBox=&quot;0 0 24 24&quot;
            width=&quot;24&quot;
            xmlns=&quot;http://www.w3.org/2000/svg&quot;
          &gt;
            &lt;path
              d=&quot;m21.73 18-8-14a2 2 0 0 0-3.48 0l-8 14A2 2 0 0 0 4 21h16a2 2 0 0 0 1.73-3&quot;
            /&gt;
            &lt;path
              d=&quot;M12 9v4&quot;
            /&gt;
            &lt;path
              d=&quot;M12 17h.01&quot;
            /&gt;
          &lt;/svg&gt;
          &lt;div
            class=&quot;text-sm [&amp;_p]:leading-relaxed text-orange-800&quot;
          &gt;
            &lt;strong&gt;
              Development Only:
            &lt;/strong&gt;
             This interface allows you to quickly switch between different user roles for testing. Uses real authentication tokens that work with all API endpoints.
          &lt;/div&gt;
        &lt;/div&gt;
        &lt;div
          class=&quot;mb-6 flex gap-2&quot;
        &gt;
          &lt;button
            class=&quot;inline-flex items-center justify-center gap-2 whitespace-nowrap text-sm font-medium ring-offset-background transition-colors focus-visible:outline-none focus-visible:ring-2 focus-visible:ring-ring focus-visible:ring-offset-2 disabled:pointer-events-none disabled:opacity-50 [&amp;_svg]:pointer-events-none [&amp;_svg]:size-4 [&amp;_svg]:shrink-0 bg-secondary text-secondary-foreground hover:bg-secondary/80 h-9 rounded-md px-3&quot;
            disabled=&quot;&quot;
          &gt;
            Loading...
          &lt;/button&gt;
        &lt;/div&gt;
        &lt;div
          class=&quot;flex justify-center items-center py-12&quot;
        &gt;
          &lt;div
            class=&quot;text-center&quot;
          &gt;
            &lt;div
              class=&quot;inline-block animate-spin rounded-full h-8 w-8 border-b-2 border-blue-600 mb-2&quot;
            /&gt;
            &lt;p
              class=&quot;text-gray-600&quot;
            &gt;
              Loading users...
            &lt;/p&gt;
          &lt;/div&gt;
        &lt;/div&gt;
        &lt;div
          class=&quot;rounded-lg border bg-card text-card-foreground shadow-sm mt-6&quot;
        &gt;
          &lt;div
            class=&quot;p-6 pt-6&quot;
          &gt;
            &lt;div
              class=&quot;text-center text-sm text-gray-600&quot;
            &gt;
              &lt;p
                class=&quot;mb-2&quot;
              &gt;
                &lt;strong&gt;
                  Instructions:
                &lt;/strong&gt;
              &lt;/p&gt;
              &lt;ul
                class=&quot;text-left max-w-2xl mx-auto space-y-1&quot;
              &gt;
                &lt;li&gt;
                  • User list is loaded dynamically from the database
                &lt;/li&gt;
                &lt;li&gt;
                  • Click any user card to simulate login as that user
                &lt;/li&gt;
                &lt;li&gt;
                  • Uses real authentication tokens that work with all API endpoints
                &lt;/li&gt;
                &lt;li&gt;
                  • You&apos;ll be automatically redirected to the main page
                &lt;/li&gt;
                &lt;li&gt;
                  • This interface is only available in development mode
                &lt;/li&gt;
                &lt;li&gt;
                  • Use different roles to test various permission levels
                &lt;/li&gt;
                &lt;li&gt;
                  • Click &quot;Refresh Users&quot; to reload the user list from database
                &lt;/li&gt;
                &lt;li&gt;
                  • Test users are automatically created during database initialization
                &lt;/li&gt;
              &lt;/ul&gt;
            &lt;/div&gt;
          &lt;/div&gt;
        &lt;/div&gt;
      &lt;/div&gt;
    &lt;/div&gt;
  &lt;/div&gt;
&lt;/body&gt;
    at Object.getElementError (/home/jotp/scholarship-system/frontend/node_modules/@testing-library/react/node_modules/@testing-library/dom/dist/config.js:37:19)
    at /home/jotp/scholarship-system/frontend/node_modules/@testing-library/react/node_modules/@testing-library/dom/dist/query-helpers.js:76:38
    at /home/jotp/scholarship-system/frontend/node_modules/@testing-library/react/node_modules/@testing-library/dom/dist/query-helpers.js:52:17
    at /home/jotp/scholarship-system/frontend/node_modules/@testing-library/react/node_modules/@testing-library/dom/dist/query-helpers.js:95:19
    at Object.getByText (/home/jotp/scholarship-system/frontend/components/__tests__/dev-login-page.test.tsx:225:19)
    at Promise.then.completed (/home/jotp/scholarship-system/frontend/node_modules/jest-circus/build/utils.js:298:28)
    at new Promise (&lt;anonymous&gt;)
    at callAsyncCircusFn (/home/jotp/scholarship-system/frontend/node_modules/jest-circus/build/utils.js:231:10)
    at _callCircusTest (/home/jotp/scholarship-system/frontend/node_modules/jest-circus/build/run.js:316:40)
    at processTicksAndRejections (node:internal/process/task_queues:105:5)
    at _runTest (/home/jotp/scholarship-system/frontend/node_modules/jest-circus/build/run.js:252:3)
    at _runTestsForDescribeBlock (/home/jotp/scholarship-system/frontend/node_modules/jest-circus/build/run.js:126:9)
    at _runTestsForDescribeBlock (/home/jotp/scholarship-system/frontend/node_modules/jest-circus/build/run.js:121:9)
    at run (/home/jotp/scholarship-system/frontend/node_modules/jest-circus/build/run.js:71:3)
    at runAndTransformResultsToJestFormat (/home/jotp/scholarship-system/frontend/node_modules/jest-circus/build/legacy-code-todo-rewrite/jestAdapterInit.js:122:21)
    at jestAdapter (/home/jotp/scholarship-system/frontend/node_modules/jest-circus/build/legacy-code-todo-rewrite/jestAdapter.js:79:19)
    at runTestInternal (/home/jotp/scholarship-system/frontend/node_modules/jest-runner/build/runTest.js:367:16)
    at runTest (/home/jotp/scholarship-system/frontend/node_modules/jest-runner/build/runTest.js:444:34)
    at Object.worker (/home/jotp/scholarship-system/frontend/node_modules/jest-runner/build/testWorker.js:106:12)</failure>
    </testcase>
    <testcase classname="DevLoginPage Component" name="should show proper role colors and icons" time="0.02">
      <failure>TestingLibraryElementError: Unable to find an element by: [data-testid=&quot;badge&quot;]

Ignored nodes: comments, script, style
&lt;body&gt;
  &lt;div&gt;
    &lt;div
      class=&quot;min-h-screen bg-gray-50 flex items-center justify-center p-4&quot;
    &gt;
      &lt;div
        class=&quot;w-full max-w-4xl&quot;
      &gt;
        &lt;div
          class=&quot;rounded-lg border bg-card text-card-foreground shadow-sm mb-6&quot;
        &gt;
          &lt;div
            class=&quot;flex flex-col space-y-1.5 p-6 text-center&quot;
          &gt;
            &lt;div
              class=&quot;flex items-center justify-center gap-2 mb-2&quot;
            &gt;
              &lt;svg
                class=&quot;lucide lucide-triangle-alert h-6 w-6 text-orange-500&quot;
                fill=&quot;none&quot;
                height=&quot;24&quot;
                stroke=&quot;currentColor&quot;
                stroke-linecap=&quot;round&quot;
                stroke-linejoin=&quot;round&quot;
                stroke-width=&quot;2&quot;
                viewBox=&quot;0 0 24 24&quot;
                width=&quot;24&quot;
                xmlns=&quot;http://www.w3.org/2000/svg&quot;
              &gt;
                &lt;path
                  d=&quot;m21.73 18-8-14a2 2 0 0 0-3.48 0l-8 14A2 2 0 0 0 4 21h16a2 2 0 0 0 1.73-3&quot;
                /&gt;
                &lt;path
                  d=&quot;M12 9v4&quot;
                /&gt;
                &lt;path
                  d=&quot;M12 17h.01&quot;
                /&gt;
              &lt;/svg&gt;
              &lt;div
                class=&quot;font-semibold tracking-tight text-2xl&quot;
              &gt;
                Development Login
              &lt;/div&gt;
            &lt;/div&gt;
            &lt;div
              class=&quot;text-sm text-muted-foreground&quot;
            &gt;
              Select a user to simulate login in development mode. This page is only available in development.
            &lt;/div&gt;
          &lt;/div&gt;
        &lt;/div&gt;
        &lt;div
          class=&quot;relative w-full rounded-lg border p-4 [&amp;&gt;svg~*]:pl-7 [&amp;&gt;svg+div]:translate-y-[-3px] [&amp;&gt;svg]:absolute [&amp;&gt;svg]:left-4 [&amp;&gt;svg]:top-4 [&amp;&gt;svg]:text-foreground text-foreground mb-6 border-orange-200 bg-orange-50&quot;
          role=&quot;alert&quot;
        &gt;
          &lt;svg
            class=&quot;lucide lucide-triangle-alert h-4 w-4 text-orange-600&quot;
            fill=&quot;none&quot;
            height=&quot;24&quot;
            stroke=&quot;currentColor&quot;
            stroke-linecap=&quot;round&quot;
            stroke-linejoin=&quot;round&quot;
            stroke-width=&quot;2&quot;
            viewBox=&quot;0 0 24 24&quot;
            width=&quot;24&quot;
            xmlns=&quot;http://www.w3.org/2000/svg&quot;
          &gt;
            &lt;path
              d=&quot;m21.73 18-8-14a2 2 0 0 0-3.48 0l-8 14A2 2 0 0 0 4 21h16a2 2 0 0 0 1.73-3&quot;
            /&gt;
            &lt;path
              d=&quot;M12 9v4&quot;
            /&gt;
            &lt;path
              d=&quot;M12 17h.01&quot;
            /&gt;
          &lt;/svg&gt;
          &lt;div
            class=&quot;text-sm [&amp;_p]:leading-relaxed text-orange-800&quot;
          &gt;
            &lt;strong&gt;
              Development Only:
            &lt;/strong&gt;
             This interface allows you to quickly switch between different user roles for testing. Uses real authentication tokens that work with all API endpoints.
          &lt;/div&gt;
        &lt;/div&gt;
        &lt;div
          class=&quot;mb-6 flex gap-2&quot;
        &gt;
          &lt;button
            class=&quot;inline-flex items-center justify-center gap-2 whitespace-nowrap text-sm font-medium ring-offset-background transition-colors focus-visible:outline-none focus-visible:ring-2 focus-visible:ring-ring focus-visible:ring-offset-2 disabled:pointer-events-none disabled:opacity-50 [&amp;_svg]:pointer-events-none [&amp;_svg]:size-4 [&amp;_svg]:shrink-0 bg-secondary text-secondary-foreground hover:bg-secondary/80 h-9 rounded-md px-3&quot;
            disabled=&quot;&quot;
          &gt;
            Loading...
          &lt;/button&gt;
        &lt;/div&gt;
        &lt;div
          class=&quot;flex justify-center items-center py-12&quot;
        &gt;
          &lt;div
            class=&quot;text-center&quot;
          &gt;
            &lt;div
              class=&quot;inline-block animate-spin rounded-full h-8 w-8 border-b-2 border-blue-600 mb-2&quot;
            /&gt;
            &lt;p
              class=&quot;text-gray-600&quot;
            &gt;
              Loading users...
            &lt;/p&gt;
          &lt;/div&gt;
        &lt;/div&gt;
        &lt;div
          class=&quot;rounded-lg border bg-card text-card-foreground shadow-sm mt-6&quot;
        &gt;
          &lt;div
            class=&quot;p-6 pt-6&quot;
          &gt;
            &lt;div
              class=&quot;text-center text-sm text-gray-600&quot;
            &gt;
              &lt;p
                class=&quot;mb-2&quot;
              &gt;
                &lt;strong&gt;
                  Instructions:
                &lt;/strong&gt;
              &lt;/p&gt;
              &lt;ul
                class=&quot;text-left max-w-2xl mx-auto space-y-1&quot;
              &gt;
                &lt;li&gt;
                  • User list is loaded dynamically from the database
                &lt;/li&gt;
                &lt;li&gt;
                  • Click any user card to simulate login as that user
                &lt;/li&gt;
                &lt;li&gt;
                  • Uses real authentication tokens that work with all API endpoints
                &lt;/li&gt;
                &lt;li&gt;
                  • You&apos;ll be automatically redirected to the main page
                &lt;/li&gt;
                &lt;li&gt;
                  • This interface is only available in development mode
                &lt;/li&gt;
                &lt;li&gt;
                  • Use different roles to test various permission levels
                &lt;/li&gt;
                &lt;li&gt;
                  • Click &quot;Refresh Users&quot; to reload the user list from database
                &lt;/li&gt;
                &lt;li&gt;
                  • Test users are automatically created during database initialization
                &lt;/li&gt;
              &lt;/ul&gt;
            &lt;/div&gt;
          &lt;/div&gt;
        &lt;/div&gt;
      &lt;/div&gt;
    &lt;/div&gt;
  &lt;/div&gt;
&lt;/body&gt;
    at Object.getElementError (/home/jotp/scholarship-system/frontend/node_modules/@testing-library/react/node_modules/@testing-library/dom/dist/config.js:37:19)
    at /home/jotp/scholarship-system/frontend/node_modules/@testing-library/react/node_modules/@testing-library/dom/dist/query-helpers.js:76:38
    at /home/jotp/scholarship-system/frontend/node_modules/@testing-library/react/node_modules/@testing-library/dom/dist/query-helpers.js:109:15
    at Object.getAllByTestId (/home/jotp/scholarship-system/frontend/components/__tests__/dev-login-page.test.tsx:233:27)
    at Promise.then.completed (/home/jotp/scholarship-system/frontend/node_modules/jest-circus/build/utils.js:298:28)
    at new Promise (&lt;anonymous&gt;)
    at callAsyncCircusFn (/home/jotp/scholarship-system/frontend/node_modules/jest-circus/build/utils.js:231:10)
    at _callCircusTest (/home/jotp/scholarship-system/frontend/node_modules/jest-circus/build/run.js:316:40)
    at processTicksAndRejections (node:internal/process/task_queues:105:5)
    at _runTest (/home/jotp/scholarship-system/frontend/node_modules/jest-circus/build/run.js:252:3)
    at _runTestsForDescribeBlock (/home/jotp/scholarship-system/frontend/node_modules/jest-circus/build/run.js:126:9)
    at _runTestsForDescribeBlock (/home/jotp/scholarship-system/frontend/node_modules/jest-circus/build/run.js:121:9)
    at run (/home/jotp/scholarship-system/frontend/node_modules/jest-circus/build/run.js:71:3)
    at runAndTransformResultsToJestFormat (/home/jotp/scholarship-system/frontend/node_modules/jest-circus/build/legacy-code-todo-rewrite/jestAdapterInit.js:122:21)
    at jestAdapter (/home/jotp/scholarship-system/frontend/node_modules/jest-circus/build/legacy-code-todo-rewrite/jestAdapter.js:79:19)
    at runTestInternal (/home/jotp/scholarship-system/frontend/node_modules/jest-runner/build/runTest.js:367:16)
    at runTest (/home/jotp/scholarship-system/frontend/node_modules/jest-runner/build/runTest.js:444:34)
    at Object.worker (/home/jotp/scholarship-system/frontend/node_modules/jest-runner/build/testWorker.js:106:12)</failure>
    </testcase>
    <testcase classname="DevLoginPage Component" name="should disable buttons during login process" time="0.026">
      <failure>TestingLibraryElementError: Unable to find an element with the text: 張小明 (Zhang Xiaoming). This could be because the text is broken up by multiple elements. In this case, you can provide a function for your text matcher to make your matcher more flexible.

Ignored nodes: comments, script, style
&lt;body&gt;
  &lt;div&gt;
    &lt;div
      class=&quot;min-h-screen bg-gray-50 flex items-center justify-center p-4&quot;
    &gt;
      &lt;div
        class=&quot;w-full max-w-4xl&quot;
      &gt;
        &lt;div
          class=&quot;rounded-lg border bg-card text-card-foreground shadow-sm mb-6&quot;
        &gt;
          &lt;div
            class=&quot;flex flex-col space-y-1.5 p-6 text-center&quot;
          &gt;
            &lt;div
              class=&quot;flex items-center justify-center gap-2 mb-2&quot;
            &gt;
              &lt;svg
                class=&quot;lucide lucide-triangle-alert h-6 w-6 text-orange-500&quot;
                fill=&quot;none&quot;
                height=&quot;24&quot;
                stroke=&quot;currentColor&quot;
                stroke-linecap=&quot;round&quot;
                stroke-linejoin=&quot;round&quot;
                stroke-width=&quot;2&quot;
                viewBox=&quot;0 0 24 24&quot;
                width=&quot;24&quot;
                xmlns=&quot;http://www.w3.org/2000/svg&quot;
              &gt;
                &lt;path
                  d=&quot;m21.73 18-8-14a2 2 0 0 0-3.48 0l-8 14A2 2 0 0 0 4 21h16a2 2 0 0 0 1.73-3&quot;
                /&gt;
                &lt;path
                  d=&quot;M12 9v4&quot;
                /&gt;
                &lt;path
                  d=&quot;M12 17h.01&quot;
                /&gt;
              &lt;/svg&gt;
              &lt;div
                class=&quot;font-semibold tracking-tight text-2xl&quot;
              &gt;
                Development Login
              &lt;/div&gt;
            &lt;/div&gt;
            &lt;div
              class=&quot;text-sm text-muted-foreground&quot;
            &gt;
              Select a user to simulate login in development mode. This page is only available in development.
            &lt;/div&gt;
          &lt;/div&gt;
        &lt;/div&gt;
        &lt;div
          class=&quot;relative w-full rounded-lg border p-4 [&amp;&gt;svg~*]:pl-7 [&amp;&gt;svg+div]:translate-y-[-3px] [&amp;&gt;svg]:absolute [&amp;&gt;svg]:left-4 [&amp;&gt;svg]:top-4 [&amp;&gt;svg]:text-foreground text-foreground mb-6 border-orange-200 bg-orange-50&quot;
          role=&quot;alert&quot;
        &gt;
          &lt;svg
            class=&quot;lucide lucide-triangle-alert h-4 w-4 text-orange-600&quot;
            fill=&quot;none&quot;
            height=&quot;24&quot;
            stroke=&quot;currentColor&quot;
            stroke-linecap=&quot;round&quot;
            stroke-linejoin=&quot;round&quot;
            stroke-width=&quot;2&quot;
            viewBox=&quot;0 0 24 24&quot;
            width=&quot;24&quot;
            xmlns=&quot;http://www.w3.org/2000/svg&quot;
          &gt;
            &lt;path
              d=&quot;m21.73 18-8-14a2 2 0 0 0-3.48 0l-8 14A2 2 0 0 0 4 21h16a2 2 0 0 0 1.73-3&quot;
            /&gt;
            &lt;path
              d=&quot;M12 9v4&quot;
            /&gt;
            &lt;path
              d=&quot;M12 17h.01&quot;
            /&gt;
          &lt;/svg&gt;
          &lt;div
            class=&quot;text-sm [&amp;_p]:leading-relaxed text-orange-800&quot;
          &gt;
            &lt;strong&gt;
              Development Only:
            &lt;/strong&gt;
             This interface allows you to quickly switch between different user roles for testing. Uses real authentication tokens that work with all API endpoints.
          &lt;/div&gt;
        &lt;/div&gt;
        &lt;div
          class=&quot;mb-6 flex gap-2&quot;
        &gt;
          &lt;button
            class=&quot;inline-flex items-center justify-center gap-2 whitespace-nowrap text-sm font-medium ring-offset-background transition-colors focus-visible:outline-none focus-visible:ring-2 focus-visible:ring-ring focus-visible:ring-offset-2 disabled:pointer-events-none disabled:opacity-50 [&amp;_svg]:pointer-events-none [&amp;_svg]:size-4 [&amp;_svg]:shrink-0 bg-secondary text-secondary-foreground hover:bg-secondary/80 h-9 rounded-md px-3&quot;
            disabled=&quot;&quot;
          &gt;
            Loading...
          &lt;/button&gt;
        &lt;/div&gt;
        &lt;div
          class=&quot;flex justify-center items-center py-12&quot;
        &gt;
          &lt;div
            class=&quot;text-center&quot;
          &gt;
            &lt;div
              class=&quot;inline-block animate-spin rounded-full h-8 w-8 border-b-2 border-blue-600 mb-2&quot;
            /&gt;
            &lt;p
              class=&quot;text-gray-600&quot;
            &gt;
              Loading users...
            &lt;/p&gt;
          &lt;/div&gt;
        &lt;/div&gt;
        &lt;div
          class=&quot;rounded-lg border bg-card text-card-foreground shadow-sm mt-6&quot;
        &gt;
          &lt;div
            class=&quot;p-6 pt-6&quot;
          &gt;
            &lt;div
              class=&quot;text-center text-sm text-gray-600&quot;
            &gt;
              &lt;p
                class=&quot;mb-2&quot;
              &gt;
                &lt;strong&gt;
                  Instructions:
                &lt;/strong&gt;
              &lt;/p&gt;
              &lt;ul
                class=&quot;text-left max-w-2xl mx-auto space-y-1&quot;
              &gt;
                &lt;li&gt;
                  • User list is loaded dynamically from the database
                &lt;/li&gt;
                &lt;li&gt;
                  • Click any user card to simulate login as that user
                &lt;/li&gt;
                &lt;li&gt;
                  • Uses real authentication tokens that work with all API endpoints
                &lt;/li&gt;
                &lt;li&gt;
                  • You&apos;ll be automatically redirected to the main page
                &lt;/li&gt;
                &lt;li&gt;
                  • This interface is only available in development mode
                &lt;/li&gt;
                &lt;li&gt;
                  • Use different roles to test various permission levels
                &lt;/li&gt;
                &lt;li&gt;
                  • Click &quot;Refresh Users&quot; to reload the user list from database
                &lt;/li&gt;
                &lt;li&gt;
                  • Test users are automatically created during database initialization
                &lt;/li&gt;
              &lt;/ul&gt;
            &lt;/div&gt;
          &lt;/div&gt;
        &lt;/div&gt;
      &lt;/div&gt;
    &lt;/div&gt;
  &lt;/div&gt;
&lt;/body&gt;
    at Object.getElementError (/home/jotp/scholarship-system/frontend/node_modules/@testing-library/react/node_modules/@testing-library/dom/dist/config.js:37:19)
    at /home/jotp/scholarship-system/frontend/node_modules/@testing-library/react/node_modules/@testing-library/dom/dist/query-helpers.js:76:38
    at /home/jotp/scholarship-system/frontend/node_modules/@testing-library/react/node_modules/@testing-library/dom/dist/query-helpers.js:52:17
    at /home/jotp/scholarship-system/frontend/node_modules/@testing-library/react/node_modules/@testing-library/dom/dist/query-helpers.js:95:19
    at Object.getByText (/home/jotp/scholarship-system/frontend/components/__tests__/dev-login-page.test.tsx:240:32)
    at Promise.then.completed (/home/jotp/scholarship-system/frontend/node_modules/jest-circus/build/utils.js:298:28)
    at new Promise (&lt;anonymous&gt;)
    at callAsyncCircusFn (/home/jotp/scholarship-system/frontend/node_modules/jest-circus/build/utils.js:231:10)
    at _callCircusTest (/home/jotp/scholarship-system/frontend/node_modules/jest-circus/build/run.js:316:40)
    at processTicksAndRejections (node:internal/process/task_queues:105:5)
    at _runTest (/home/jotp/scholarship-system/frontend/node_modules/jest-circus/build/run.js:252:3)
    at _runTestsForDescribeBlock (/home/jotp/scholarship-system/frontend/node_modules/jest-circus/build/run.js:126:9)
    at _runTestsForDescribeBlock (/home/jotp/scholarship-system/frontend/node_modules/jest-circus/build/run.js:121:9)
    at run (/home/jotp/scholarship-system/frontend/node_modules/jest-circus/build/run.js:71:3)
    at runAndTransformResultsToJestFormat (/home/jotp/scholarship-system/frontend/node_modules/jest-circus/build/legacy-code-todo-rewrite/jestAdapterInit.js:122:21)
    at jestAdapter (/home/jotp/scholarship-system/frontend/node_modules/jest-circus/build/legacy-code-todo-rewrite/jestAdapter.js:79:19)
    at runTestInternal (/home/jotp/scholarship-system/frontend/node_modules/jest-runner/build/runTest.js:367:16)
    at runTest (/home/jotp/scholarship-system/frontend/node_modules/jest-runner/build/runTest.js:444:34)
    at Object.worker (/home/jotp/scholarship-system/frontend/node_modules/jest-runner/build/testWorker.js:106:12)</failure>
    </testcase>
    <testcase classname="DevLoginPage Production Mode" name="should not render in production mode" time="0">
      <skipped/>
    </testcase>
    <testcase classname="DevLoginPage Production Mode" name="should redirect to home page in production" time="0">
      <skipped/>
    </testcase>
  </testsuite>
</testsuites>